src/pages/Home.tsx(1,38): error TS6133: 'useRef' is declared but its value is never read.
src/pages/Home.tsx(540,26): error TS2322: Type '{ id: number; title: string; date: string; href: string; image: string; }[]' is not assignable to type '({ id: number; category: string; title: string; date: string; href: string; image: string; featured: boolean; } | { id: number; category: string; title: string; date: string; href: string; image: string; featured?: undefined; })[]'.
  Type '{ id: number; title: string; date: string; href: string; image: string; }' is not assignable to type '{ id: number; category: string; title: string; date: string; href: string; image: string; featured: boolean; } | { id: number; category: string; title: string; date: string; href: string; image: string; featured?: undefined; }'.
    Property 'category' is missing in type '{ id: number; title: string; date: string; href: string; image: string; }' but required in type '{ id: number; category: string; title: string; date: string; href: string; image: string; featured?: undefined; }'.
